[?7h[40m[2J[22C[0;1;33mÚÄÄÄÄÄÄÄÄÄÄÄÄÄÄÄÄÄÄÄÄÄÄÄÄÄÄÄÄÄÄÄÄÄÄÄÄÄ¿
[17C[0;32m°    [1;33m³[0;32mÛÛÛÛÛÛ»   ÛÛÛÛÛ»  ÛÛÛ»   ÛÛ» ÛÛ»  ÛÛ»[1;33m³    [0;32m°
[15C°°°°°  [1;33m³[0;32mÛÛÉÍÍÛÛ» ÛÛÉÍÍÛÛ» ÛÛÛÛ»  ÛÛº ÛÛº ÛÛÉ¼[1;33m³  [0;32m°°°°°
[14C°  °    [1;33m³[0;32mÛÛÛÛÛÛÉ¼ ÛÛÛÛÛÛÛº ÛÛÉÛÛ» ÛÛº ÛÛÛÛÛÉ¼ [1;33m³ [0;32m°  °
[15C°°°°°  [1;33m³[0;32mÛÛÉÍÍÛÛ» ÛÛÉÍÍÛÛº ÛÛºÈÛÛ»ÛÛº ÛÛÉÍÛÛ» [1;33m³  [0;32m°°°°°
[17C°  ° [1;33m³[0;32mÛÛÛÛÛÛÉ¼ ÛÛº  ÛÛº ÛÛº ÈÛÛÛÛº ÛÛº  ÛÛ»[1;33m³    [0;32m°  °
[15C°°°°°  [1;33m³[0;32mÈÍÍÍÍÍ¼  ÈÍ¼  ÈÍ¼ ÈÍ¼  ÈÍÍÍ¼ ÈÍ¼  ÈÍ¼[1;33m³  [0;32m°°°°°
[17C°    [1;33mÀÄÄÄÄÄÄÄÄÄÄÄÄÄÄÄÄÄÄÄÄÄÄÄÄÄÄÄÄÄÄÄÄÄÄÄÄÄÙ    [0;32m°
[14C[37m°°±±²²ÛÛÛ²²±±°°   [32m([1mD[0;32m) [1;36mDeposit[11C[0m°°±±²²ÛÛÛ²²±±°°
[18C°±²Û²±°[7C[32m([1mW[0;32m) [1;36mWithdraw[14C[0m°±²Û²±°
[18C°±²Û²±°[7C[32m([1mV[0;32m) [1;31mView Stats[12C[0m°±²Û²±°
[18C°±²Û²±°[7C[32m([1mT[0;32m) [35mTransfer to Someone   [37m°±²Û²±°
[18C°±²Û²±°[7C[32m([1mR[0;32m) [35mToday's Rates[9C[37m°±²Û²±°
[18C°±²Û²±°[7C[32m([1mB[0;32m) [33mBuy Platinum[10C[37m°±²Û²±°
[18C°±²Û²±°[7C[32m([1mS[0;32m) [33mSell Platinum[9C[37m°±²Û²±°
[18C°±²Û²±°[33C°±²Û²±°
[18C°±²Û²±°[7C[32m([1mQ[0;32m) [1;37mQuit to Town[10C[0m°±²Û²±°
[18C°±²Û²±°[33C°±²Û²±°
[14C°°±±²²ÛÛÛ²²±±°°[25C°°±±²²ÛÛÛ²²±±°°[0m
