[?7h[255D[40m
[0;1m[13C[0;34mмл[1mллл[36mлл[34mллл[0;34mлм
[11Cмлл[1mллл[36mлллл[34mллл[0;34mллм
[10Cллл[1mллл[36mлллллл[34mллл[0;34mллл
[9Cлллл[1mллл[36mлллллл[34mллл[0;34mлллл
[9Cлллл[1mллл[36mлллллл[34mллл[0;34mлллл
[10Cллл[1mллл[36mлллллл[34mллл[0;34mллл
[11Cплл[1mллл[36mлллл[34mллл[0;34mллп
[13Cпл[1mллл[36mлл[34mллл[0;34mлп
[11C[1;33mммллллллллллллмм
[9Cмллллллллллллллллллм
[0m
