[40m[2J[0;1;32mDeeds Menu
ÄÄÄÄÄÄÄÄÄÄ

[31mEvil Deeds:
[9C([32m1[31m)Purse Snach
[9C([32m2[31m)Mug someone
[9C([32m3[31m)Rob the bank
[9C([32m4[31m)Become a hired Hit Man

[34mGood Deeds:
[9C([32m5[34m)Give to the poor
[9C([32m6[34m)Give Blood
[9C([32m7[34m)Confront & Capture some know felons
[9C([32m8[34m)Fight for the King

[0;35m([1mH[0;35m) Cast Heal
([1mU[0;35m) Use Potion
([1mV[0;35m) View Character

([1mQ[0;35m) Quit
[0m
