[?7h[255D[0;31mК[5Cм[16Cм
К[6Cпм  [33mлллллллл  [31mмп
К[8C[33mлллллллллллл
[31mК[7C[33mлллл [1;37mп[0;33mлл [1;37mп[0;33mлллл
[31mК[5C[33mлллллллллллллллллл
[31mК[5C[33mлллллл[31mлллллл[33mлллллл
[31mК[7C[33mллл[31mл[37mл    л[31mл[33mллл
[31mК[11C[37mпл  лп[0m
