[40m[2J[0;1;34mÚÄ[31mToday's Rates...[34mÄÄÄÄÄÄÄÄÄÄÄÄÄÄÄÄÄÄÄÄÄÄÄÄÄÄÄÄÄÄÄÄÄÄÄÄÄÄÄÄÄÄÄÄÄÄÄÄÄÄÄ¿
³[35mMerchant's Selling to Bying rate:    [0;35m:1[29C[1;34m³
³[35mBank's Interest Rate[12C:[5C[0;35m%[29C[1;34m³
³[35mValue of One Platinum[11C:    [0;35mGP[29C[1;34m³
³[68C³
³[68C³
³[68C³
³[68C³
ÀÄÄÄÄÄÄÄÄÄÄÄÄÄÄÄÄÄÄÄÄÄÄÄÄÄÄÄÄÄÄÄÄÄÄÄÄÄÄÄÄÄÄÄÄÄÄÄÄÄÄÄÄÄÄÄÄÄÄÄÄÄÄÄÄÄÄÄÄÙ
[0m
