[?7h[40m[2J[23C[0mГ   Г[8C[1;31mEd's Weapon Shop!
[11C[0;32mВВВВВВВВ    [37mШЭиЭМ[8C[31mФФФФФФФФФФФФФФФФФ
[8C[32mлллВ[42m [31m\  / [32;40mВВВВВ  [37mГ[10C[36m([1mB[0;36m) [37mBuy a weapon
[5C[32mллллВВВ[42m [1;30;47mм[31;42mјЊ  [0;32mВВВВВВВ[11C[36m([1mS[0;36m) [37mSell your weapon
   [32mлллллллл[1;30;47mмлл[36mлллллллллллммм[8C[0;36m([1mV[0;36m) [37mView your statistics
 [33mлллллллллллллллллллллллллллллллл
   ББББББББББББББББББББББББББББ[5C[36m([1mQ[0;36m) [1;37mQuit back to Town
[0m
