[?7h[40m[2J[0;1;32mWizardry Shop...

[0;33mWhat would you like.......

[1mH)[0mHealing Potion    [1;31m(10 GP)
[33mF)[0mFood Ration[7C[1;31m( 5 GP)

[33mB)[31mTake a look through the magical crystal ball....

[33mM)[35mMeditate [0;35m(MP+)
[1;33mT)[35mDrink from the cauldrin of dexterity [0;35m(TP+)

[1;33mV)[34mView Self
[33mQ)[34mQuit
[0m
