[?7h[40m[2J[10C[0;1;35mр  б [0;35mждд© р    р[6C[1mждд© [0;35mрдд©   [1mрдд© [0;35mждд© ждрд© рдд©
[10C[1mгдд╢ [0;35mгдд╢ ╨    ╨[6C[1m╨  Ё [0;35mгд[5C[1mгд   [0;35mгдд╢ ╨ ╨ Ё гд
[10C[1mп  а [0;35mп  а пдды пдды   [1mсдды [0;35mп[6C[1mп    [0;35mп  а п п а пдды
дддддддддддддддддддддддддддддддддддддддддддддддддддддддддддддддддддддддддддддд[0m
